[2026-06-07 22:53:51] ==================================================
[2026-06-07 22:53:51] HERMES LOCAL DAEMON INICIADO
[2026-06-07 22:53:51] ==================================================
[2026-06-07 22:53:51] Vault: C:\Users\Juan\automação\lead_prospecting_engine\vault
[2026-06-07 22:53:51] Mailbox IN: C:\Users\Juan\automação\lead_prospecting_engine\hermes\mailbox_in.json
[2026-06-07 22:53:51] Mailbox OUT: C:\Users\Juan\automação\lead_prospecting_engine\hermes\mailbox_out.json
[2026-06-07 22:53:52] [SCHEDULER] Agendador iniciado. Tarefas: daily 08:00, hourly ping
[2026-06-07 22:58:09] ==================================================
[2026-06-07 22:58:09] HERMES LOCAL DAEMON INICIADO
[2026-06-07 22:58:09] ==================================================
[2026-06-07 22:58:09] Vault: C:\Users\Juan\automação\lead_prospecting_engine\vault
[2026-06-07 22:58:09] Mailbox IN: C:\Users\Juan\automação\lead_prospecting_engine\hermes\mailbox_in.json
[2026-06-07 22:58:09] Mailbox OUT: C:\Users\Juan\automação\lead_prospecting_engine\hermes\mailbox_out.json
[2026-06-07 22:58:09] [MAILBOX] Processador de comandos iniciado.
[2026-06-07 22:58:09] [DAEMON] Todos os servicos iniciados. Pressione Ctrl+C para parar.
[2026-06-07 22:58:09] [SCHEDULER] Agendador iniciado. Tarefas: daily 08:00, hourly ping
[2026-06-07 22:58:09] [WATCHDOG] Monitorando: C:\Users\Juan\automação\lead_prospecting_engine\vault
[2026-06-07 22:59:23] ==================================================
[2026-06-07 22:59:23] HERMES LOCAL DAEMON INICIADO
[2026-06-07 22:59:23] ==================================================
[2026-06-07 22:59:23] Vault: C:\Users\Juan\automação\lead_prospecting_engine\vault
[2026-06-07 22:59:23] Mailbox IN: C:\Users\Juan\automação\lead_prospecting_engine\hermes\mailbox_in.json
[2026-06-07 22:59:23] Mailbox OUT: C:\Users\Juan\automação\lead_prospecting_engine\hermes\mailbox_out.json
[2026-06-07 22:59:23] [MAILBOX] Processador de comandos iniciado.
[2026-06-07 22:59:23] [DAEMON] Todos os servicos iniciados. Pressione Ctrl+C para parar.
[2026-06-07 22:59:23] [SCHEDULER] Agendador iniciado. Tarefas: daily 08:00, hourly ping
[2026-06-07 22:59:23] [WATCHDOG] Monitorando: C:\Users\Juan\automação\lead_prospecting_engine\vault
[2026-06-07 22:59:30] ==================================================
[2026-06-07 22:59:30] HERMES LOCAL DAEMON INICIADO
[2026-06-07 22:59:30] ==================================================
[2026-06-07 22:59:30] Vault: C:\Users\Juan\automação\lead_prospecting_engine\vault
[2026-06-07 22:59:30] Mailbox IN: C:\Users\Juan\automação\lead_prospecting_engine\hermes\mailbox_in.json
[2026-06-07 22:59:30] Mailbox OUT: C:\Users\Juan\automação\lead_prospecting_engine\hermes\mailbox_out.json
[2026-06-07 22:59:30] [MAILBOX] Processador de comandos iniciado.
[2026-06-07 22:59:30] [DAEMON] Todos os servicos iniciados. Pressione Ctrl+C para parar.
[2026-06-07 22:59:30] [SCHEDULER] Agendador iniciado. Tarefas: daily 08:00, hourly ping
[2026-06-07 22:59:30] [WATCHDOG] Monitorando: C:\Users\Juan\automação\lead_prospecting_engine\vault
[2026-06-07 23:01:21] ==================================================
[2026-06-07 23:01:21] HERMES LOCAL DAEMON INICIADO
[2026-06-07 23:01:21] ==================================================
[2026-06-07 23:01:21] Vault: C:\Users\Juan\automação\lead_prospecting_engine\vault
[2026-06-07 23:01:21] Mailbox IN: C:\Users\Juan\automação\lead_prospecting_engine\hermes\mailbox_in.json
[2026-06-07 23:01:21] Mailbox OUT: C:\Users\Juan\automação\lead_prospecting_engine\hermes\mailbox_out.json
[2026-06-07 23:01:21] [MAILBOX] Processador de comandos iniciado.
[2026-06-07 23:01:21] [DAEMON] Todos os servicos iniciados. Pressione Ctrl+C para parar.
[2026-06-07 23:01:21] [SCHEDULER] Agendador iniciado. Tarefas: daily 08:00, hourly ping
[2026-06-07 23:01:21] [WATCHDOG] Monitorando: C:\Users\Juan\automação\lead_prospecting_engine\vault
[2026-06-07 23:01:26] ==================================================
[2026-06-07 23:01:26] HERMES LOCAL DAEMON INICIADO
[2026-06-07 23:01:26] ==================================================
[2026-06-07 23:01:26] Vault: C:\Users\Juan\automação\lead_prospecting_engine\vault
[2026-06-07 23:01:26] Mailbox IN: C:\Users\Juan\automação\lead_prospecting_engine\hermes\mailbox_in.json
[2026-06-07 23:01:26] Mailbox OUT: C:\Users\Juan\automação\lead_prospecting_engine\hermes\mailbox_out.json
[2026-06-07 23:01:26] [MAILBOX] Processador de comandos iniciado.
[2026-06-07 23:01:26] [DAEMON] Todos os servicos iniciados. Pressione Ctrl+C para parar.
[2026-06-07 23:01:26] [SCHEDULER] Agendador iniciado. Tarefas: daily 08:00, hourly ping
[2026-06-07 23:01:26] [WATCHDOG] Monitorando: C:\Users\Juan\automação\lead_prospecting_engine\vault
[2026-06-07 23:06:06] ==================================================
[2026-06-07 23:06:06] HERMES LOCAL DAEMON INICIADO
[2026-06-07 23:06:06] ==================================================
[2026-06-07 23:06:06] Vault: C:\Users\Juan\automação\lead_prospecting_engine\vault
[2026-06-07 23:06:06] Mailbox IN: C:\Users\Juan\automação\lead_prospecting_engine\hermes\mailbox_in.json
[2026-06-07 23:06:06] Mailbox OUT: C:\Users\Juan\automação\lead_prospecting_engine\hermes\mailbox_out.json
[2026-06-07 23:06:06] [MAILBOX] Processador de comandos iniciado.
[2026-06-07 23:06:06] [DAEMON] Todos os servicos iniciados. Pressione Ctrl+C para parar.
[2026-06-07 23:06:06] [SCHEDULER] Agendador iniciado. Tarefas: daily 08:00, hourly ping
[2026-06-07 23:06:06] [WATCHDOG] Monitorando: C:\Users\Juan\automação\lead_prospecting_engine\vault
[2026-06-07 23:13:13] ==================================================
[2026-06-07 23:13:13] HERMES LOCAL DAEMON INICIADO
[2026-06-07 23:13:13] ==================================================
[2026-06-07 23:13:13] Vault: C:\Users\Juan\automação\lead_prospecting_engine\vault
[2026-06-07 23:13:13] Mailbox IN: C:\Users\Juan\automação\lead_prospecting_engine\hermes\mailbox_in.json
[2026-06-07 23:13:13] Mailbox OUT: C:\Users\Juan\automação\lead_prospecting_engine\hermes\mailbox_out.json
[2026-06-07 23:13:13] [MAILBOX] Processador de comandos iniciado.
[2026-06-07 23:13:13] [DAEMON] Todos os servicos iniciados. Pressione Ctrl+C para parar.
[2026-06-07 23:13:13] [SCHEDULER] Agendador iniciado. Tarefas: daily 08:00, hourly ping
[2026-06-07 23:13:13] [WATCHDOG] Monitorando: C:\Users\Juan\automação\lead_prospecting_engine\vault
[2026-06-07 23:17:50] ==================================================
[2026-06-07 23:17:50] HERMES LOCAL DAEMON INICIADO
[2026-06-07 23:17:50] ==================================================
[2026-06-07 23:17:50] Vault: C:\Users\Juan\automação\lead_prospecting_engine\vault
[2026-06-07 23:17:50] Mailbox IN: C:\Users\Juan\automação\lead_prospecting_engine\hermes\mailbox_in.json
[2026-06-07 23:17:50] Mailbox OUT: C:\Users\Juan\automação\lead_prospecting_engine\hermes\mailbox_out.json
[2026-06-07 23:17:50] [MAILBOX] Processador de comandos iniciado.
[2026-06-07 23:17:50] [DAEMON] Todos os servicos iniciados. Pressione Ctrl+C para parar.
[2026-06-07 23:17:50] [SCHEDULER] Agendador iniciado. Tarefas: daily 08:00, hourly ping
[2026-06-07 23:17:50] [WATCHDOG] Monitorando: C:\Users\Juan\automação\lead_prospecting_engine\vault
[2026-06-08 14:32:13] ==================================================
[2026-06-08 14:32:13] HERMES LOCAL DAEMON INICIADO
[2026-06-08 14:32:13] ==================================================
[2026-06-08 14:32:13] Mailbox IN: C:\Users\Juan\automação\lead_prospecting_engine\hermes\mailbox_in.json
[2026-06-08 14:32:13] Mailbox OUT: C:\Users\Juan\automação\lead_prospecting_engine\hermes\mailbox_out.json
[2026-06-08 14:32:13] [AUTONOMOUS] Operador autônomo iniciado.
[2026-06-08 14:32:13] [MAILBOX] Processador de comandos iniciado.
[2026-06-08 14:32:13] [DAEMON] Todos os servicos iniciados. Pressione Ctrl+C para parar.
[2026-06-08 14:32:13] [SCHEDULER] Agendador iniciado. Tarefas: daily 08:00, hourly ping
[2026-06-08 14:33:51] ==================================================
[2026-06-08 14:33:51] HERMES LOCAL DAEMON INICIADO
[2026-06-08 14:33:51] ==================================================
[2026-06-08 14:33:51] Mailbox IN: C:\Users\Juan\automação\lead_prospecting_engine\hermes\mailbox_in.json
[2026-06-08 14:33:51] Mailbox OUT: C:\Users\Juan\automação\lead_prospecting_engine\hermes\mailbox_out.json
[2026-06-08 14:33:51] [AUTONOMOUS] Operador autônomo iniciado.
[2026-06-08 14:33:51] [MAILBOX] Processador de comandos iniciado.
[2026-06-08 14:33:51] [DAEMON] Todos os servicos iniciados. Pressione Ctrl+C para parar.
[2026-06-08 14:33:51] [SCHEDULER] Agendador iniciado. Tarefas: daily 08:00, hourly ping
[2026-06-08 14:48:27] ==================================================
[2026-06-08 14:48:27] HERMES LOCAL DAEMON INICIADO
[2026-06-08 14:48:27] ==================================================
[2026-06-08 14:48:27] Mailbox IN: C:\Users\Juan\automação\lead_prospecting_engine\hermes\mailbox_in.json
[2026-06-08 14:48:27] Mailbox OUT: C:\Users\Juan\automação\lead_prospecting_engine\hermes\mailbox_out.json
[2026-06-08 14:48:27] [AUTONOMOUS] Operador autônomo iniciado.
[2026-06-08 14:48:27] [MAILBOX] Processador de comandos iniciado.
[2026-06-08 14:48:27] [DAEMON] Todos os servicos iniciados. Pressione Ctrl+C para parar.
[2026-06-08 14:48:27] [SCHEDULER] Agendador iniciado. Tarefas: daily 08:00, hourly ping
[2026-06-08 14:48:33] ==================================================
[2026-06-08 14:48:33] HERMES LOCAL DAEMON INICIADO
[2026-06-08 14:48:33] ==================================================
[2026-06-08 14:48:33] Mailbox IN: C:\Users\Juan\automação\lead_prospecting_engine\hermes\mailbox_in.json
[2026-06-08 14:48:33] Mailbox OUT: C:\Users\Juan\automação\lead_prospecting_engine\hermes\mailbox_out.json
[2026-06-08 14:48:33] [AUTONOMOUS] Operador autônomo iniciado.
[2026-06-08 14:48:33] [MAILBOX] Processador de comandos iniciado.
[2026-06-08 14:48:33] [DAEMON] Todos os servicos iniciados. Pressione Ctrl+C para parar.
[2026-06-08 14:48:33] [SCHEDULER] Agendador iniciado. Tarefas: daily 08:00, hourly ping
[2026-06-08 14:49:06] ==================================================
[2026-06-08 14:49:06] HERMES LOCAL DAEMON INICIADO
[2026-06-08 14:49:06] ==================================================
[2026-06-08 14:49:06] Mailbox IN: C:\Users\Juan\automação\lead_prospecting_engine\hermes\mailbox_in.json
[2026-06-08 14:49:06] Mailbox OUT: C:\Users\Juan\automação\lead_prospecting_engine\hermes\mailbox_out.json
[2026-06-08 14:49:06] [AUTONOMOUS] Operador autônomo iniciado.
[2026-06-08 14:49:06] [MAILBOX] Processador de comandos iniciado.
[2026-06-08 14:49:06] [DAEMON] Todos os servicos iniciados. Pressione Ctrl+C para parar.
[2026-06-08 14:49:06] [SCHEDULER] Agendador iniciado. Tarefas: daily 08:00, hourly ping
[2026-06-08 14:52:02] ==================================================
[2026-06-08 14:52:02] HERMES LOCAL DAEMON INICIADO
[2026-06-08 14:52:02] ==================================================
[2026-06-08 14:52:02] Mailbox IN: C:\Users\Juan\automação\lead_prospecting_engine\hermes\mailbox_in.json
[2026-06-08 14:52:02] Mailbox OUT: C:\Users\Juan\automação\lead_prospecting_engine\hermes\mailbox_out.json
[2026-06-08 14:52:02] [AUTONOMOUS] Operador autônomo iniciado.
[2026-06-08 14:52:02] [MAILBOX] Processador de comandos iniciado.
[2026-06-08 14:52:02] [DAEMON] Todos os servicos iniciados. Pressione Ctrl+C para parar.
[2026-06-08 14:52:02] [SCHEDULER] Agendador iniciado. Tarefas: daily 08:00, hourly ping
[2026-06-08 14:52:18] ==================================================
[2026-06-08 14:52:18] HERMES LOCAL DAEMON INICIADO
[2026-06-08 14:52:18] ==================================================
[2026-06-08 14:52:18] Mailbox IN: C:\Users\Juan\automação\lead_prospecting_engine\hermes\mailbox_in.json
[2026-06-08 14:52:18] Mailbox OUT: C:\Users\Juan\automação\lead_prospecting_engine\hermes\mailbox_out.json
[2026-06-08 14:52:18] [AUTONOMOUS] Operador autônomo iniciado.
[2026-06-08 14:52:18] [MAILBOX] Processador de comandos iniciado.
[2026-06-08 14:52:18] [DAEMON] Todos os servicos iniciados. Pressione Ctrl+C para parar.
[2026-06-08 14:52:18] [SCHEDULER] Agendador iniciado. Tarefas: daily 08:00, hourly ping
[2026-06-08 14:54:14] ==================================================
[2026-06-08 14:54:14] HERMES LOCAL DAEMON INICIADO
[2026-06-08 14:54:14] ==================================================
[2026-06-08 14:54:14] Mailbox IN: C:\Users\Juan\automação\lead_prospecting_engine\hermes\mailbox_in.json
[2026-06-08 14:54:14] Mailbox OUT: C:\Users\Juan\automação\lead_prospecting_engine\hermes\mailbox_out.json
[2026-06-08 14:54:14] [AUTONOMOUS] Operador autônomo iniciado.
[2026-06-08 14:54:14] [MAILBOX] Processador de comandos iniciado.
[2026-06-08 14:54:14] [DAEMON] Todos os servicos iniciados. Pressione Ctrl+C para parar.
[2026-06-08 14:54:14] [SCHEDULER] Agendador iniciado. Tarefas: daily 08:00, hourly ping
[2026-06-08 15:06:22] ==================================================
[2026-06-08 15:06:22] HERMES LOCAL DAEMON INICIADO
[2026-06-08 15:06:22] ==================================================
[2026-06-08 15:06:22] Mailbox IN: C:\Users\Juan\automação\lead_prospecting_engine\hermes\mailbox_in.json
[2026-06-08 15:06:22] Mailbox OUT: C:\Users\Juan\automação\lead_prospecting_engine\hermes\mailbox_out.json
[2026-06-08 15:06:22] [AUTONOMOUS] Operador autônomo iniciado.
[2026-06-08 15:06:22] [MAILBOX] Processador de comandos iniciado.
[2026-06-08 15:06:22] [DAEMON] Todos os servicos iniciados. Pressione Ctrl+C para parar.
[2026-06-08 15:06:22] [SCHEDULER] Agendador iniciado. Tarefas: daily 08:00, hourly ping
[2026-06-08 15:31:02] ==================================================
[2026-06-08 15:31:02] HERMES LOCAL DAEMON INICIADO
[2026-06-08 15:31:02] ==================================================
[2026-06-08 15:31:02] Mailbox IN: C:\Users\Juan\automação\lead_prospecting_engine\hermes\mailbox_in.json
[2026-06-08 15:31:02] Mailbox OUT: C:\Users\Juan\automação\lead_prospecting_engine\hermes\mailbox_out.json
[2026-06-08 15:31:02] [AUTONOMOUS] Operador autônomo iniciado.
[2026-06-08 15:31:02] [MAILBOX] Processador de comandos iniciado.
[2026-06-08 15:31:02] [DAEMON] Todos os servicos iniciados. Pressione Ctrl+C para parar.
[2026-06-08 15:31:02] [SCHEDULER] Agendador iniciado. Tarefas: daily 08:00, hourly ping
[2026-06-08 16:08:47] ==================================================
[2026-06-08 16:08:47] HERMES LOCAL DAEMON INICIADO
[2026-06-08 16:08:47] ==================================================
[2026-06-08 16:08:47] Mailbox IN: C:\Users\Juan\automação\lead_prospecting_engine\hermes\mailbox_in.json
[2026-06-08 16:08:47] Mailbox OUT: C:\Users\Juan\automação\lead_prospecting_engine\hermes\mailbox_out.json
[2026-06-08 16:08:47] [AUTONOMOUS] Operador autônomo iniciado.
[2026-06-08 16:08:47] [MAILBOX] Processador de comandos iniciado.
[2026-06-08 16:08:47] [DAEMON] Todos os servicos iniciados. Pressione Ctrl+C para parar.
[2026-06-08 16:08:47] [SCHEDULER] Agendador iniciado. Tarefas: daily 08:00, hourly ping
[2026-06-08 16:12:58] ==================================================
[2026-06-08 16:12:58] HERMES LOCAL DAEMON INICIADO
[2026-06-08 16:12:58] ==================================================
[2026-06-08 16:12:58] Mailbox IN: C:\Users\Juan\automação\lead_prospecting_engine\hermes\mailbox_in.json
[2026-06-08 16:12:58] Mailbox OUT: C:\Users\Juan\automação\lead_prospecting_engine\hermes\mailbox_out.json
[2026-06-08 16:12:58] [AUTONOMOUS] Operador autônomo iniciado.
[2026-06-08 16:12:58] [DAEMON] Todos os servicos iniciados. Pressione Ctrl+C para parar.
[2026-06-08 16:12:58] [MAILBOX] Processador de comandos iniciado.
[2026-06-08 16:12:58] [SCHEDULER] Agendador iniciado. Tarefas: daily 08:00, hourly ping
[2026-06-08 16:18:26] ==================================================
[2026-06-08 16:18:26] HERMES LOCAL DAEMON INICIADO
[2026-06-08 16:18:26] ==================================================
[2026-06-08 16:18:26] Mailbox IN: C:\Users\Juan\automação\lead_prospecting_engine\hermes\mailbox_in.json
[2026-06-08 16:18:26] Mailbox OUT: C:\Users\Juan\automação\lead_prospecting_engine\hermes\mailbox_out.json
[2026-06-08 16:18:26] [AUTONOMOUS] Operador autônomo iniciado.
[2026-06-08 16:18:26] [MAILBOX] Processador de comandos iniciado.
[2026-06-08 16:18:26] [DAEMON] Todos os servicos iniciados. Pressione Ctrl+C para parar.
[2026-06-08 16:18:27] [SCHEDULER] Agendador iniciado. Tarefas: daily 08:00, hourly ping
[2026-06-08 16:18:51] ==================================================
[2026-06-08 16:18:51] HERMES LOCAL DAEMON INICIADO
[2026-06-08 16:18:51] ==================================================
[2026-06-08 16:18:51] Mailbox IN: C:\Users\Juan\automação\lead_prospecting_engine\hermes\mailbox_in.json
[2026-06-08 16:18:51] Mailbox OUT: C:\Users\Juan\automação\lead_prospecting_engine\hermes\mailbox_out.json
[2026-06-08 16:18:51] [AUTONOMOUS] Operador autônomo iniciado.
[2026-06-08 16:18:51] [MAILBOX] Processador de comandos iniciado.
[2026-06-08 16:18:51] [DAEMON] Todos os servicos iniciados. Pressione Ctrl+C para parar.
[2026-06-08 16:18:51] [SCHEDULER] Agendador iniciado. Tarefas: daily 08:00, hourly ping
[2026-06-08 16:31:47] ==================================================
[2026-06-08 16:31:47] HERMES LOCAL DAEMON INICIADO
[2026-06-08 16:31:47] ==================================================
[2026-06-08 16:31:47] Mailbox IN: C:\Users\Juan\automação\lead_prospecting_engine\hermes\mailbox_in.json
[2026-06-08 16:31:47] Mailbox OUT: C:\Users\Juan\automação\lead_prospecting_engine\hermes\mailbox_out.json
[2026-06-08 16:31:47] [AUTONOMOUS] Operador autônomo iniciado.
[2026-06-08 16:31:47] [MAILBOX] Processador de comandos iniciado.
[2026-06-08 16:31:47] [DAEMON] Todos os servicos iniciados. Pressione Ctrl+C para parar.
[2026-06-08 16:31:48] [SCHEDULER] Agendador iniciado. Tarefas: daily 08:00, hourly ping
[2026-06-08 16:40:08] ==================================================
[2026-06-08 16:40:08] HERMES LOCAL DAEMON INICIADO
[2026-06-08 16:40:08] ==================================================
[2026-06-08 16:40:08] Mailbox IN: C:\Users\Juan\automação\lead_prospecting_engine\hermes\mailbox_in.json
[2026-06-08 16:40:08] Mailbox OUT: C:\Users\Juan\automação\lead_prospecting_engine\hermes\mailbox_out.json
[2026-06-08 16:40:08] [AUTONOMOUS] Operador autônomo iniciado.
[2026-06-08 16:40:08] [MAILBOX] Processador de comandos iniciado.
[2026-06-08 16:40:08] [DAEMON] Todos os servicos iniciados. Pressione Ctrl+C para parar.
[2026-06-08 16:40:08] [SCHEDULER] Agendador iniciado. Tarefas: daily 08:00, hourly ping
[2026-06-08 17:40:09] [METRICS] CPU:0.8% RAM:40.8% DISK:82.5%
[2026-06-08 18:40:10] [METRICS] CPU:0.4% RAM:41.2% DISK:82.7%
[2026-06-08 19:40:11] [METRICS] CPU:3.2% RAM:45.2% DISK:82.7%
[2026-06-08 20:40:12] [METRICS] CPU:4.4% RAM:47.8% DISK:82.8%
[2026-06-08 21:40:13] [METRICS] CPU:10.6% RAM:43.6% DISK:82.7%
[2026-06-08 22:40:14] [METRICS] CPU:5.2% RAM:43.6% DISK:82.7%
